// Jest Snapshot v1, https://goo.gl/fbAQLP

exports[`index imports 1`] = `
[
  "AbortError",
  "AbstractActions",
  "ActionExecutionResultCode",
  "AtemActions",
  "AtemMediaPoolType",
  "AtemTransitionStyle",
  "BlendMode",
  "BorderBevel",
  "CasparCGActions",
  "CasparCGDevice",
  "ChannelFormat",
  "Chroma",
  "Conductor",
  "Device",
  "DeviceContainer",
  "DeviceType",
  "DevicesRegistry",
  "Direction",
  "DoOnTime",
  "Ease",
  "EmberParameterType",
  "FlyKeyDirection",
  "FlyKeyKeyFrame",
  "FocusMode",
  "HttpMethod",
  "HttpSendActions",
  "HyperdeckActions",
  "HyperdeckDevice",
  "LOOKAHEADTIME",
  "LawoDeviceMode",
  "MINTIMEUNIT",
  "MINTRIGGERTIME",
  "MappingAtemType",
  "MappingCasparCGType",
  "MappingHyperdeckType",
  "MappingLawoType",
  "MappingMultiOscType",
  "MappingObsType",
  "MappingPanasonicPTZType",
  "MappingQuantelType",
  "MappingSingularLiveType",
  "MappingSisyfosType",
  "MappingSofieChefType",
  "MappingTricasterType",
  "MappingVmixType",
  "MediaSourceType",
  "MultiOSCDeviceType",
  "OSCDeviceType",
  "OSCValueType",
  "PREPARETIME",
  "PanasonicPTZActions",
  "QuantelActions",
  "QuantelControlMode",
  "QuantelDevice",
  "QuantelTransitionType",
  "SendMode",
  "ShotokuTransitionType",
  "SisyfosActions",
  "SlotId",
  "SlotStatus",
  "SofieChefActions",
  "StatusCode",
  "TcpSendActions",
  "Timeline",
  "TimelineContentTypeAtem",
  "TimelineContentTypeCasparCg",
  "TimelineContentTypeHTTP",
  "TimelineContentTypeHTTPParamType",
  "TimelineContentTypeHyperdeck",
  "TimelineContentTypeLawo",
  "TimelineContentTypeMultiOSC",
  "TimelineContentTypeOBS",
  "TimelineContentTypeOSC",
  "TimelineContentTypePanasonicPtz",
  "TimelineContentTypePharos",
  "TimelineContentTypeShotoku",
  "TimelineContentTypeSingularLive",
  "TimelineContentTypeSisyfos",
  "TimelineContentTypeSofieChef",
  "TimelineContentTypeTriCaster",
  "TimelineContentTypeVMix",
  "TimelineContentTypeVizMSE",
  "TimelineContentTypeWebSocketClient",
  "Transition",
  "TranslationsBundleType",
  "TransportStatus",
  "VIZMSETransitionType",
  "VMixCommand",
  "VMixInputType",
  "VMixTransitionType",
  "VideoFormat",
  "ViscaOverIPActions",
  "VizMSEActions",
  "VizMSEDevice",
  "VmixActions",
  "WebsocketClientActions",
  "fillStateFromDatastore",
  "interpolateTemplateString",
  "interpolateTemplateStringIfNeeded",
]
`;
